// Jest Snapshot v1, https://goo.gl/fbAQLP

exports[`should render header component correctly 1`] = `
<header
  className="makeStyles-root-1"
>
  <WithStyles(ForwardRef(AppBar))
    position="static"
  >
    <WithStyles(ForwardRef(Toolbar))
      className="makeStyles-toolBar-2"
    >
      <ForwardRef
        className="makeStyles-title-3"
        to="/"
      >
        <WithStyles(ForwardRef(Typography))
          variant="h6"
        />
      </ForwardRef>
      <WithStyles(ForwardRef(Button))
        className="makeStyles-signinButton-4"
        color="inherit"
      >
        Sign in
      </WithStyles(ForwardRef(Button))>
    </WithStyles(ForwardRef(Toolbar))>
  </WithStyles(ForwardRef(AppBar))>
</header>
`;
